{[32mnames[0m:[Left,Right,Up],[32medges[0m:[{1:3,0:1},{1:1,0:2},{1:2,0:3}],[32mblocks[0m:{[33m[0,0,0][0m:[0,0,0,0,0,0],[33m[0,1,1][0m:[0,0],[33m[1,0,1][0m:[0,0,0,0,0,0,0,0,0,0,0,0],[33m[1,1,0][0m:[0,0,0,0,0,0,0,0,0]}}
{[32mnames[0m:[Left,Right,Up],[32medges[0m:[{-1:3,0:1,1:2},{-1:1,0:2,1:3},{-1:2,0:3,1:1}],[32mblocks[0m:{[33m[-1,0,1][0m:[2,3,4,5,6,7],[33m[-1,1,0][0m:[8,9,10,11,12,13,14,15,16,17,18,19,20,21,22,23,24,25,26,27,28,29,30,31,32,33,34],[33m[0,-1,1][0m:[35],[33m[0,0,0][0m:[36,37,38,39,40,41],[33m[0,1,-1][0m:[42,43,44,45,46,47],[33m[1,-1,0][0m:[48,49,50,51,52,53],[33m[1,0,-1][0m:[54,55,56,57,58,59,60,61]}}
{[32mnames[0m:[Left,Right,Up],[32medges[0m:[{},{},{}],[32mblocks[0m:{}}
{[32mnames[0m:[],[32medges[0m:[],[32mblocks[0m:{[33m[][0m:[123]}}
{[32mnames[0m:[i,j],[32medges[0m:[{-2:1},{2:1}],[32mblocks[0m:{[33m[-2,2][0m:[2333]}}
2333
