{[32mnames[0m:[Left,Right],[32medges[0m:[2,3],[32mblocks[0m:[0,1,2,3,4,5]}
{[32mnames[0m:[Merged],[32medges[0m:[6],[32mblocks[0m:[0,1,2,3,4,5]}
{[32mnames[0m:[Merged],[32medges[0m:[6],[32mblocks[0m:[0,3,1,4,2,5]}
{[32mnames[0m:[1,2],[32medges[0m:[3,2],[32mblocks[0m:[0,3,1,4,2,5]}
{[32mnames[0m:[Left,Right,Up],[32medges[0m:[{arrow:0,segment:{-1:3,0:1,1:2}},{arrow:0,segment:{-1:1,0:2,1:3}},{arrow:0,segment:{-1:2,0:3,1:1}}],[32mblocks[0m:{[33m[-1,0,1][0m:[1,2,3,4,5,6],[33m[-1,1,0][0m:[7,8,9,10,11,12,13,14,15,16,17,18,19,20,21,22,23,24,25,26,27,28,29,30,31,32,33],[33m[0,-1,1][0m:[34],[33m[0,0,0][0m:[35,36,37,38,39,40],[33m[0,1,-1][0m:[41,42,43,44,45,46],[33m[1,-1,0][0m:[47,48,49,50,51,52],[33m[1,0,-1][0m:[53,54,55,56,57,58,59,60]}}
{[32mnames[0m:[Right,Merged],[32medges[0m:[{arrow:0,segment:{-1:1,0:2,1:3}},{arrow:0,segment:{-1:11,0:10,1:7}}],[32mblocks[0m:{[33m[-1,1][0m:[34,-47,-48,-49,-50,-51,-52],[33m[0,0][0m:[1,3,5,35,36,37,53,54,57,58,2,4,6,38,39,40,55,56,59,60],[33m[1,-1][0m:[-7,-8,-9,-16,-17,-18,-25,-26,-27,41,42,-10,-11,-12,-19,-20,-21,-28,-29,-30,43,44,-13,-14,-15,-22,-23,-24,-31,-32,-33,45,46]}}
{[32mnames[0m:[Right,Left,Up],[32medges[0m:[{arrow:0,segment:{-1:1,0:2,1:3}},{arrow:0,segment:{-1:3,0:1,1:2}},{arrow:0,segment:{-1:2,0:3,1:1}}],[32mblocks[0m:{[33m[-1,0,1][0m:[34],[33m[-1,1,0][0m:[-47,-48,-49,-50,-51,-52],[33m[0,-1,1][0m:[1,3,5,2,4,6],[33m[0,0,0][0m:[35,36,37,38,39,40],[33m[0,1,-1][0m:[53,54,57,58,55,56,59,60],[33m[1,-1,0][0m:[-7,-8,-9,-16,-17,-18,-25,-26,-27,-10,-11,-12,-19,-20,-21,-28,-29,-30,-13,-14,-15,-22,-23,-24,-31,-32,-33],[33m[1,0,-1][0m:[41,42,43,44,45,46]}}
{[32mnames[0m:[Left,Right,Up],[32medges[0m:[{arrow:0,segment:{-1:3,0:1,1:2}},{arrow:0,segment:{-1:1,0:2,1:3}},{arrow:0,segment:{-1:2,0:3,1:1}}],[32mblocks[0m:{[33m[-1,0,1][0m:[1,2,3,4,5,6],[33m[-1,1,0][0m:[7,8,9,10,11,12,13,14,15,16,17,18,19,20,21,22,23,24,25,26,27,28,29,30,31,32,33],[33m[0,-1,1][0m:[34],[33m[0,0,0][0m:[35,36,37,38,39,40],[33m[0,1,-1][0m:[41,42,43,44,45,46],[33m[1,-1,0][0m:[47,48,49,50,51,52],[33m[1,0,-1][0m:[53,54,55,56,57,58,59,60]}}
