{[32mnames[0m:[Left,Right,Phy],[32medges[0m:[{0:2,1:2},{0:2,1:2},{0:2,1:2}],[32mblocks[0m:{[33m[0,0,0][0m:[1,2,3,4,5,6,7,8],[33m[0,1,1][0m:[9,10,11,12,13,14,15,16],[33m[1,0,1][0m:[17,18,19,20,21,22,23,24],[33m[1,1,0][0m:[25,26,27,28,29,30,31,32]}}
{[32mnames[0m:[Left,Right,Phy],[32medges[0m:[{0:2,1:2},{0:2,1:2},{0:2,1:2}],[32mblocks[0m:{[33m[0,0,0][0m:[inf,1,0.5,0.333333,0.25,0.2,0.166667,0.142857],[33m[0,1,1][0m:[0.125,0.111111,0.1,0.0909091,0.0833333,0.0769231,0.0714286,0.0666667],[33m[1,0,1][0m:[0.0625,0.0588235,0.0555556,0.0526316,0.05,0.047619,0.0454545,0.0434783],[33m[1,1,0][0m:[0.0416667,0.04,0.0384615,0.037037,0.0357143,0.0344828,0.0333333,0.0322581]}}
{[32mnames[0m:[Left,Right],[32medges[0m:[3,4],[32mblocks[0m:[0,1.1,2.2,3.3,4.4,5.5,6.6,7.7,8.8,9.9,11,12.1]}
{[32mnames[0m:[Left,Right],[32medges[0m:[3,4],[32mblocks[0m:[0,0.9,1.8,2.7,3.6,4.5,5.4,6.3,7.2,8.1,9,9.9]}
{[32mnames[0m:[Left,Right],[32medges[0m:[3,4],[32mblocks[0m:[0,0.1,0.4,0.9,1.6,2.5,3.6,4.9,6.4,8.1,10,12.1]}
{[32mnames[0m:[Left,Right],[32medges[0m:[3,4],[32mblocks[0m:[-nan,10,10,10,10,10,10,10,10,10,10,10]}
{[32mnames[0m:[Left,Right],[32medges[0m:[3,4],[32mblocks[0m:[0,1.1,2.2,3.3,4.4,5.5,6.6,7.7,8.8,9.9,11,12.1]}
