Internal.1
{[32mnames[0m:[A.1],[32medges[0m:[5],[32mblocks[0m:[0,1,2,3,4]}
{[32mnames[0m:[A.1,A.U],[32medges[0m:[5,1],[32mblocks[0m:[0,-0.182574,-0.365148,-0.547723,-0.730297]}
{[32mnames[0m:[Internal.1,Internal.2],[32medges[0m:[1,1],[32mblocks[0m:[5.47723]}
{[32mnames[0m:[A.V],[32medges[0m:[1],[32mblocks[0m:[-1]}
{[32mnames[0m:[V],[32medges[0m:[1],[32mblocks[0m:[-1]}
