{[32mnames[0m:[A,B],[32medges[0m:[8,8],[32mblocks[0m:[0,1,2,3,4,5,6,7,8,9,10,11,12,13,14,15,16,17,18,19,20,21,22,23,24,25,26,27,28,29,30,31,32,33,34,35,36,37,38,39,40,41,42,43,44,45,46,47,48,49,50,51,52,53,54,55,56,57,58,59,60,61,62,63]}
{[32mnames[0m:[J,I],[32medges[0m:[8,8],[32mblocks[0m:[0,4,16,20,32,36,48,52,8,12,24,28,40,44,56,60,1,5,17,21,33,37,49,53,9,13,25,29,41,45,57,61,2,6,18,22,34,38,50,54,10,14,26,30,42,46,58,62,3,7,19,23,35,39,51,55,11,15,27,31,43,47,59,63]}
{[32mnames[0m:[B,C,A],[32medges[0m:[3,4,2],[32mblocks[0m:[0,12,1,13,2,14,3,15,4,16,5,17,6,18,7,19,8,20,9,21,10,22,11,23]}
0
0
{[32mnames[0m:[Down1,Right1,Up,Left],[32medges[0m:[{arrow:0,segment:{0:1,1:2}},{arrow:0,segment:{-1:1,0:4,1:2}},{arrow:0,segment:{-1:2,0:3,1:1}},{arrow:1,segment:{-2:3,-1:4,0:3,1:2}}],[32mblocks[0m:{[33m[0,-1,0,1][0m:[-290,-299,-293,-302,-296,-305],[33m[0,-1,1,0][0m:[205,308,309],[33m[0,0,-1,1][0m:[-310,-334,-313,-337,-316,-340,-319,-343,-322,-346,-325,-349,-328,-352,-331,-355],[33m[0,0,0,0][0m:[224,358,370,227,359,371,230,360,372,233,361,373,236,362,374,239,363,375,242,364,376,245,365,377,248,366,378,251,367,379,254,368,380,257,369,381],[33m[0,0,1,-1][0m:[-79,-91,-103,260,-82,-94,-106,261,-85,-97,-109,262,-88,-100,-112,263],[33m[0,1,-1,0][0m:[264,382,386,267,383,387,270,384,388,273,385,389],[33m[0,1,0,-1][0m:[-139,-157,-175,276,-142,-160,-178,277,-145,-163,-181,278,-148,-166,-184,279,-151,-169,-187,280,-154,-172,-190,281],[33m[0,1,1,-2][0m:[193,195,197,194,196,198],[33m[1,-1,-1,1][0m:[-282,-286,-284,-288,-283,-287,-285,-289],[33m[1,-1,0,0][0m:[-199,-291,-300,-201,-294,-303,-203,-297,-306,-200,-292,-301,-202,-295,-304,-204,-298,-307],[33m[1,-1,1,-1][0m:[-1,-3,-5,206,-2,-4,-6,207],[33m[1,0,-1,0][0m:[-208,-311,-335,-210,-314,-338,-212,-317,-341,-214,-320,-344,-216,-323,-347,-218,-326,-350,-220,-329,-353,-222,-332,-356,-209,-312,-336,-211,-315,-339,-213,-318,-342,-215,-321,-345,-217,-324,-348,-219,-327,-351,-221,-330,-354,-223,-333,-357],[33m[1,0,0,-1][0m:[-7,-31,-55,225,-9,-33,-57,228,-11,-35,-59,231,-13,-37,-61,234,-15,-39,-63,237,-17,-41,-65,240,-19,-43,-67,243,-21,-45,-69,246,-23,-47,-71,249,-25,-49,-73,252,-27,-51,-75,255,-29,-53,-77,258,-8,-32,-56,226,-10,-34,-58,229,-12,-36,-60,232,-14,-38,-62,235,-16,-40,-64,238,-18,-42,-66,241,-20,-44,-68,244,-22,-46,-70,247,-24,-48,-72,250,-26,-50,-74,253,-28,-52,-76,256,-30,-54,-78,259],[33m[1,0,1,-2][0m:[-80,-92,-104,-83,-95,-107,-86,-98,-110,-89,-101,-113,-81,-93,-105,-84,-96,-108,-87,-99,-111,-90,-102,-114],[33m[1,1,-1,-1][0m:[-115,-123,-131,265,-117,-125,-133,268,-119,-127,-135,271,-121,-129,-137,274,-116,-124,-132,266,-118,-126,-134,269,-120,-128,-136,272,-122,-130,-138,275],[33m[1,1,0,-2][0m:[-140,-158,-176,-143,-161,-179,-146,-164,-182,-149,-167,-185,-152,-170,-188,-155,-173,-191,-141,-159,-177,-144,-162,-180,-147,-165,-183,-150,-168,-186,-153,-171,-189,-156,-174,-192]}}
