{[32mnames[0m:[Left,Right],[32medges[0m:[3,4],[32mblocks[0m:[0,1,2,3,4,5,6,7,8,9,10,11]}
{[32mnames[0m:[Left,Right],[32medges[0m:[0,3],[32mblocks[0m:[]}
{[32mnames[0m:[],[32medges[0m:[],[32mblocks[0m:[10]}
10
(6,0)
{[32mnames[0m:[i,j],[32medges[0m:[1,1],[32mblocks[0m:[2333]}
