{[32mnames[0m:[Left,Right,Up],[32medges[0m:[{arrow:0,segment:{0:1,1:2}},{arrow:1,segment:{-1:1,-2:3,0:2}},{arrow:0,segment:{0:3,1:1}}],[32mblocks[0m:{[33m[0,-1,1][0m:[2],[33m[0,0,0][0m:[3,4,5,6,7,8],[33m[1,-2,1][0m:[9,10,11,12,13,14],[33m[1,-1,0][0m:[15,16,17,18,19,20]}}
{[32mnames[0m:[Left,Right,Up],[32medges[0m:[{arrow:0,segment:{(0,0):1,(1,1):2}},{arrow:1,segment:{(-1,-1):1,(-2,0):3,(0,0):2}},{arrow:0,segment:{(0,0):3,(1,-1):1}}],[32mblocks[0m:{[33m[(0,0),(0,0),(0,0)][0m:[2,3,4,5,6,7],[33m[(1,1),(-2,0),(1,-1)][0m:[8,9,10,11,12,13],[33m[(1,1),(-1,-1),(0,0)][0m:[14,15,16,17,18,19]}}
{[32mnames[0m:[Left,Right,Up],[32medges[0m:[{arrow:0,segment:{(0,0):1,(1,1):2}},{arrow:1,segment:{(-1,-1):1,(-2,0):3,(0,0):2}},{arrow:0,segment:{(0,0):3,(1,-1):1}}],[32mblocks[0m:{[33m[(0,0),(0,0),(0,0)][0m:[2,3,4,5,6,7],[33m[(1,1),(-2,0),(1,-1)][0m:[8,9,10,11,12,13],[33m[(1,1),(-1,-1),(0,0)][0m:[14,15,16,17,18,19]}}
1234
11
