{[32mnames[0m:[A,B],[32medges[0m:[5,10],[32mblocks[0m:[0,1,2,3,4,5,6,7,8,9,10,11,12,13,14,15,16,17,18,19,20,21,22,23,24,25,26,27,28,29,30,31,32,33,34,35,36,37,38,39,40,41,42,43,44,45,46,47,48,49]}
{[32mnames[0m:[newQ,B],[32medges[0m:[5,10],[32mblocks[0m:[0,-0.0592349,-0.11847,-0.177705,-0.23694,-0.296174,-0.355409,-0.414644,-0.473879,-0.533114,-0.587754,-0.494951,-0.402147,-0.309344,-0.216541,-0.123738,-0.0309344,0.0618689,0.154672,0.247475,-0.503713,0.395336,0.0371498,0.303412,-0.096847,-0.143017,0.435678,-0.297842,-0.364841,0.234683,0.587318,0.0331298,-0.475018,-0.105996,-0.337121,-0.0432097,0.19684,-0.0282342,-0.265409,0.437699,0.0113687,-0.457567,-0.100561,0.31678,-0.0763682,0.2431,0.474481,0.329638,-0.311814,-0.429057]}
{[32mnames[0m:[A,newR],[32medges[0m:[5,5],[32mblocks[0m:[-16.8819,0,0,0,0,-43.5376,-17.0139,0,0,0,-70.1933,-34.0278,-5.72329e-06,0,0,-96.849,-51.0418,-4.41972e-06,-7.00949e-06,0,-123.505,-68.0557,-5.65625e-06,-1.04954e-05,4.18645e-06]}
2.67029e-05
{[32mnames[0m:[A,newQ],[32medges[0m:[5,5],[32mblocks[0m:[0,-0.774597,-0.279135,0.452423,0.342631,-0.182574,-0.516398,0.19742,-0.810538,0.063664,-0.365148,-0.258199,-0.112709,0.150616,-0.874421,-0.547723,2.08616e-06,0.749711,0.320691,0.187326,-0.730297,0.258198,-0.555284,-0.113192,0.2808]}
{[32mnames[0m:[newR,B],[32medges[0m:[5,10],[32mblocks[0m:[-54.7723,-56.598,-58.4237,-60.2495,-62.0752,-63.901,-65.7267,-67.5524,-69.3782,-71.2039,0,-1.291,-2.58199,-3.87298,-5.16398,-6.45498,-7.74597,-9.03696,-10.328,-11.619,0,0,3.53036e-06,6.99233e-06,1.18146e-05,1.27764e-05,1.50431e-05,2.21038e-05,2.21038e-05,2.66243e-05,0,0,0,2.57747e-07,2.97047e-06,5.26435e-06,3.27654e-06,3.27654e-06,3.27654e-06,6.29533e-06,0,0,0,0,1.78725e-06,3.5745e-06,1.78725e-06,1.78725e-06,1.78725e-06,3.5745e-06]}
7.62939e-06
{[32mnames[0m:[A,B],[32medges[0m:[10,5],[32mblocks[0m:[0,1,2,3,4,5,6,7,8,9,10,11,12,13,14,15,16,17,18,19,20,21,22,23,24,25,26,27,28,29,30,31,32,33,34,35,36,37,38,39,40,41,42,43,44,45,46,47,48,49]}
{[32mnames[0m:[newQ,B],[32medges[0m:[5,5],[32mblocks[0m:[0,-0.182574,-0.365148,-0.547723,-0.730297,-0.774597,-0.516398,-0.258199,5.96046e-08,0.258199,0.494463,-0.657649,-0.253256,0.501609,-0.0851665,-0.365048,0.357616,-0.140901,0.669144,-0.520812,0.149154,0.373642,-0.846173,-0.0251939,0.348571]}
{[32mnames[0m:[A,newR],[32medges[0m:[10,5],[32mblocks[0m:[-5.47723,0,0,0,0,-14.6059,-6.45497,0,0,0,-23.7346,-12.9099,2.13248e-06,0,0,-32.8634,-19.3649,4.26496e-06,0,0,-41.9921,-25.8199,4.26496e-06,0,0,-51.1208,-32.2749,6.02426e-06,-1.90735e-06,-7.46368e-07,-60.2495,-38.7298,1.7593e-06,-1.90735e-06,-7.46368e-07,-69.3782,-45.1848,9.3296e-06,-1.90735e-06,1.59936e-06,-78.5069,-51.6398,3.46528e-06,-1.90735e-06,-1.59936e-06,-87.6356,-58.0948,9.38291e-06,-3.8147e-06,1.70598e-06]}
1.14441e-05
{[32mnames[0m:[A,newQ],[32medges[0m:[10,5],[32mblocks[0m:[0,-0.587754,0.740979,-0.00813226,-0.0495968,-0.0592349,-0.49495,-0.321046,-0.0617016,0.220845,-0.11847,-0.402147,-0.282174,-0.0143433,-0.0214075,-0.177705,-0.309344,-0.296027,-0.100131,0.0866346,-0.23694,-0.216541,-0.161972,0.254331,-0.113695,-0.296174,-0.123738,0.256692,0.0155495,-0.0156621,-0.355409,-0.0309343,-0.185196,0.0691203,0.181143,-0.414644,0.0618695,-0.0466587,-0.498382,-0.729836,-0.473879,0.154672,0.0829138,0.723545,-0.142988,-0.533114,0.247475,0.212486,-0.379855,0.584562]}
{[32mnames[0m:[newR,B],[32medges[0m:[5,5],[32mblocks[0m:[-84.4097,-87.0753,-89.7409,-92.4064,-95.072,0,-1.70139,-3.40278,-5.10417,-6.80557,0,0,-6.64927e-06,-9.98034e-06,-7.6373e-06,0,0,0,-3.281e-06,-1.92003e-06,0,0,0,0,-2.92511e-06]}
1.00136e-05
