{[32mnames[0m:[L.*&^eft,R--..ight],[32medges[0m:[3,4],[32mblocks[0m:[0,1,2,3,4,5,6,7,8,9,10,11]}
{[32mnames[0m:[A,B,C,D],[32medges[0m:[{-2:1,-1:1,0:1},{0:1,1:2},{0:2,1:2},{-2:2,-1:1,0:2}],[32mblocks[0m:{[33m[-2,1,1,0][0m:[0,1,2,3,4,5,6,7],[33m[-1,0,1,0][0m:[8,9,10,11],[33m[-1,1,0,0][0m:[12,13,14,15,16,17,18,19],[33m[-1,1,1,-1][0m:[20,21,22,23],[33m[0,0,0,0][0m:[24,25,26,27],[33m[0,0,1,-1][0m:[28,29],[33m[0,1,0,-1][0m:[30,31,32,33],[33m[0,1,1,-2][0m:[34,35,36,37,38,39,40,41]}}
?*
